Archive member included to satisfy reference by file (symbol)

/usr/bin/../lib/gcc/arm-none-eabi/7.3.1/thumb/v7-m/libgcc.a(_arm_addsubsf3.o)
                              ../../sendReceive/source/test_receiver.o (__aeabi_ui2f)
/usr/bin/../lib/gcc/arm-none-eabi/7.3.1/thumb/v7-m/libgcc.a(_arm_muldivsf3.o)
                              ../../sendReceive/source/test_receiver.o (__aeabi_fmul)
/usr/bin/../lib/gcc/arm-none-eabi/7.3.1/thumb/v7-m/libgcc.a(_arm_fixsfsi.o)
                              ../../sendReceive/source/test_receiver.o (__aeabi_f2iz)
/usr/bin/../lib/gcc/arm-none-eabi/7.3.1/thumb/v7-m/libgcc.a(_aeabi_ldivmod.o)
                              ../../sendReceive/source/test_receiver.o (__aeabi_ldivmod)
/usr/bin/../lib/gcc/arm-none-eabi/7.3.1/thumb/v7-m/libgcc.a(_aeabi_uldivmod.o)
                              ../../sendReceive/source/test_receiver.o (__aeabi_uldivmod)
/usr/bin/../lib/gcc/arm-none-eabi/7.3.1/thumb/v7-m/libgcc.a(_udivmoddi4.o)
                              /usr/bin/../lib/gcc/arm-none-eabi/7.3.1/thumb/v7-m/libgcc.a(_aeabi_ldivmod.o) (__udivmoddi4)
/usr/bin/../lib/gcc/arm-none-eabi/7.3.1/thumb/v7-m/libgcc.a(_dvmd_tls.o)
                              /usr/bin/../lib/gcc/arm-none-eabi/7.3.1/thumb/v7-m/libgcc.a(_aeabi_ldivmod.o) (__aeabi_ldiv0)

Allocating common symbols
Common symbol       size              file

__dso_handle        0x4               bmptk_cortex.o

Discarded input sections

 .group         0x0000000000000000        0xc ../../sendReceive/source/receive_classes.o
 .text          0x0000000000000000        0x0 ../../sendReceive/source/receive_classes.o
 .data          0x0000000000000000        0x0 ../../sendReceive/source/receive_classes.o
 .bss           0x0000000000000000        0x0 ../../sendReceive/source/receive_classes.o
 .text._ZN3due11ad_pin_infoENS_7ad_pinsE
                0x0000000000000000       0x1c ../../sendReceive/source/receive_classes.o
 .text._ZN3due11ad_seq_infoEm
                0x0000000000000000       0x20 ../../sendReceive/source/receive_classes.o
 .text._ZN5hwlib19uart_char_availableEv
                0x0000000000000000        0x4 ../../sendReceive/source/receive_classes.o
 .text._ZN5hwlib9uart_getcEv
                0x0000000000000000        0x4 ../../sendReceive/source/receive_classes.o
 .rodata._ZZN3due11ad_pin_infoENS_7ad_pinsEE17ad_pin_info_array
                0x0000000000000000        0xc ../../sendReceive/source/receive_classes.o
 .rodata._ZZN3due11ad_seq_infoEmE12ad_seq_array
                0x0000000000000000       0x70 ../../sendReceive/source/receive_classes.o
 .group         0x0000000000000000        0x8 ../../sendReceive/source/msg_decoder.o
 .group         0x0000000000000000        0xc ../../sendReceive/source/msg_decoder.o
 .group         0x0000000000000000        0xc ../../sendReceive/source/msg_decoder.o
 .group         0x0000000000000000        0xc ../../sendReceive/source/msg_decoder.o
 .text          0x0000000000000000        0x0 ../../sendReceive/source/msg_decoder.o
 .data          0x0000000000000000        0x0 ../../sendReceive/source/msg_decoder.o
 .bss           0x0000000000000000        0x0 ../../sendReceive/source/msg_decoder.o
 .text._ZN6sam3xa10SystemInitEv
                0x0000000000000000       0x7c ../../sendReceive/source/msg_decoder.o
 .text._ZN3due8pin_infoENS_4pinsE
                0x0000000000000000       0x20 ../../sendReceive/source/msg_decoder.o
 .text._ZN3due11ad_pin_infoENS_7ad_pinsE
                0x0000000000000000       0x1c ../../sendReceive/source/msg_decoder.o
 .text._ZN3due11ad_seq_infoEm
                0x0000000000000000       0x20 ../../sendReceive/source/msg_decoder.o
 .text._ZN3due14port_registersEm
                0x0000000000000000       0x54 ../../sendReceive/source/msg_decoder.o
 .text._ZN3due12ticks_per_usEv
                0x0000000000000000        0x6 ../../sendReceive/source/msg_decoder.o
 .text._ZN3due9now_ticksEv
                0x0000000000000000       0x80 ../../sendReceive/source/msg_decoder.o
 .text._ZN5hwlib9uart_putcEc
                0x0000000000000000        0x4 ../../sendReceive/source/msg_decoder.o
 .text._ZN5hwlib19uart_char_availableEv
                0x0000000000000000        0x4 ../../sendReceive/source/msg_decoder.o
 .text._ZN5hwlib9uart_getcEv
                0x0000000000000000        0x4 ../../sendReceive/source/msg_decoder.o
 .text._ZN11msg_decoder5checkEj
                0x0000000000000000       0x16 ../../sendReceive/source/msg_decoder.o
 .bss._ZZN3due9now_ticksEvE4high
                0x0000000000000000        0x8 ../../sendReceive/source/msg_decoder.o
 .bss._ZZN3due9now_ticksEvE8last_low
                0x0000000000000000        0x4 ../../sendReceive/source/msg_decoder.o
 .bss._ZZN3due9now_ticksEvE9init_done
                0x0000000000000000        0x1 ../../sendReceive/source/msg_decoder.o
 .data._ZN6sam3xa15SystemCoreClockE
                0x0000000000000000        0x4 ../../sendReceive/source/msg_decoder.o
 .rodata._ZN3due8pin_infoENS_4pinsE.str1.1
[...]
Memory Configuration

Name             Origin             Length             Attributes
rom              0x0000000000000000 0x0000000000080000 xr
ram              0x0000000020000000 0x0000000000018000 xrw
nul              0x0000000020018000 0x0000000000000000 xrw
*default*        0x0000000000000000 0xffffffffffffffff

Linker script and memory map

LOAD /usr/bin/../lib/gcc/arm-none-eabi/7.3.1/thumb/v7-m/libgcc.a
LOAD ../../sendReceive/source/receive_classes.o
LOAD ../../sendReceive/source/msg_decoder.o
LOAD ../../sendReceive/source/test_receiver.o
LOAD switch_to.o
LOAD coroutine.o
LOAD rtos.o
LOAD hwlib.o
LOAD main.o
LOAD bmptk_cortex.o
LOAD bmptk_heap_bmptk.o
LOAD bmptk_fixed_size_stack.o
LOAD /usr/bin/../lib/gcc/arm-none-eabi/7.3.1/../../../../arm-none-eabi/lib/thumb/v7-m/libm.a
LOAD /usr/bin/../lib/gcc/arm-none-eabi/7.3.1/thumb/v7-m/libgcc.a
LOAD /usr/bin/../lib/gcc/arm-none-eabi/7.3.1/../../../../arm-none-eabi/lib/thumb/v7-m/libc.a
                0x0000000000000000                __rom_start = ORIGIN (rom)
                0x0000000000080000                __rom_size = LENGTH (rom)
                0x0000000000080000                __rom_end = (__rom_start + __rom_size)
                0x0000000020000000                __ram_start = ORIGIN (ram)
                0x0000000000018000                __ram_size = LENGTH (ram)
                0x0000000020018000                __ram_end = (__ram_start + __ram_size)
                [!provide]                        PROVIDE (__rom_start = __rom_start)
                [!provide]                        PROVIDE (__rom_size = __rom_size)
                [!provide]                        PROVIDE (__rom_end = __rom_end)
                [!provide]                        PROVIDE (__ram_start = __ram_start)
                [!provide]                        PROVIDE (__ram_size = __ram_size)
                [!provide]                        PROVIDE (__ram_end = __ram_end)

.text           0x0000000000000000     0x466c
                0x0000000000000000                . = ALIGN (0x4)
                0x0000000000000000                __text_start = .
                [!provide]                        PROVIDE (__text_start = __text_start)
                0x0000000000000000                . = ALIGN (0x4)
 *(.vectors)
 .vectors       0x0000000000000000       0x20 bmptk_cortex.o
                0x0000000000000000                __vectors
                0x0000000000000020                . = ALIGN (0x4)
 *(.text .text.* .gnu.linkonce.t.*)
 .text._ZN6sam3xa10SystemInitEv
                0x0000000000000020       0x7c ../../sendReceive/source/receive_classes.o
                0x0000000000000020                sam3xa::SystemInit()
 .text._ZN3due8pin_infoENS_4pinsE
                0x000000000000009c       0x20 ../../sendReceive/source/receive_classes.o
                0x000000000000009c                due::pin_info(due::pins)
 .text._ZN3due14port_registersEm
                0x00000000000000bc       0x54 ../../sendReceive/source/receive_classes.o
                0x00000000000000bc                due::port_registers(unsigned long)
 .text._ZN3due12ticks_per_usEv
                0x0000000000000110        0x6 ../../sendReceive/source/receive_classes.o
                0x0000000000000110                due::ticks_per_us()
 *fill*         0x0000000000000116        0x2 
 .text._ZN3due9now_ticksEv
                0x0000000000000118       0x80 ../../sendReceive/source/receive_classes.o
                0x0000000000000118                due::now_ticks()
 .text._ZN5hwlib9uart_putcEc
                0x0000000000000198        0x4 ../../sendReceive/source/receive_classes.o
                0x0000000000000198                hwlib::uart_putc(char)
 .text._ZN19receiver_controller11check_pauseEv
                0x000000000000019c       0x50 ../../sendReceive/source/receive_classes.o
                0x000000000000019c                receiver_controller::check_pause()
 .text._ZN5hwlib7ostream6fillerEi
                0x00000000000001ec       0x1a ../../sendReceive/source/msg_decoder.o
                0x00000000000001ec                hwlib::ostream::filler(int)
 .text._ZN5hwliblsERNS_7ostreamEPKc
                0x0000000000000206       0x54 ../../sendReceive/source/msg_decoder.o
                0x0000000000000206                hwlib::operator<<(hwlib::ostream&, char const*)
 *fill*         0x000000000000025a        0x2 
 .text._ZN4rtos7channelIyLi1024EE4readEv
                0x000000000000025c       0x78 ../../sendReceive/source/msg_decoder.o
                0x000000000000025c                rtos::channel<unsigned long long, 1024>::read()
 .text.startup._ZN11msg_decoder4mainEv
                0x00000000000002d4      0x118 ../../sendReceive/source/msg_decoder.o
                0x00000000000002d4                msg_decoder::main()
 .text._ZN5hwlib7ostream7reverse10add_prefixERKS0_.part.2
                0x00000000000003ec       0x4c ../../sendReceive/source/test_receiver.o
 .text._ZN5hwlib7ostreamlsEc
                0x0000000000000438        0xe ../../sendReceive/source/test_receiver.o
                0x0000000000000438                hwlib::ostream::operator<<(char)
 .text._ZN5hwliblsERNS_7ostreamEi
                0x0000000000000446       0x92 ../../sendReceive/source/test_receiver.o
                0x0000000000000446                hwlib::operator<<(hwlib::ostream&, int)
 .text._ZN5hwliblsERNS_7ostreamEx
                0x00000000000004d8       0xc4 ../../sendReceive/source/test_receiver.o
                0x00000000000004d8                hwlib::operator<<(hwlib::ostream&, long long)
 .text._ZN4rtos7channelIhLi10EE4readEv
                0x000000000000059c       0x70 ../../sendReceive/source/test_receiver.o
                0x000000000000059c                rtos::channel<unsigned char, 10>::read()
 .text.startup._ZN13test_receiver4mainEv
                0x000000000000060c      0x144 ../../sendReceive/source/test_receiver.o
                0x000000000000060c                test_receiver::main()
 .text          0x0000000000000750       0x24 switch_to.o
                0x0000000000000750                switch_from_to
 .text._ZN4rtos8callback6cancelEv
                0x0000000000000774        0xa rtos.o
                0x0000000000000774                rtos::callback::cancel()
 .text._ZN5hwliblsERNS_7ostreamEj
                0x000000000000077e        0xc rtos.o
                0x000000000000077e                hwlib::operator<<(hwlib::ostream&, unsigned int)
 .text._Z6strlenPKc
                0x000000000000078a       0x10 rtos.o
                0x000000000000078a                strlen(char const*)
 .text._Z6strcpyPcPKc
                0x000000000000079a       0x14 rtos.o
                0x000000000000079a                strcpy(char*, char const*)
 .text._Z15string_allocatePKc
                0x00000000000007ae       0x26 rtos.o
                0x00000000000007ae                string_allocate(char const*)
 .text._Z12nr_from_maskj
                0x00000000000007d4       0x1a rtos.o
                0x00000000000007d4                nr_from_mask(unsigned int)
 *fill*         0x00000000000007ee        0x2 
 .text._Z15task_trampolinev
                0x00000000000007f0       0x34 rtos.o
                0x00000000000007f0                task_trampoline()
 .text._ZN4rtos9task_base7releaseEv
                0x0000000000000824       0x24 rtos.o
                0x0000000000000824                rtos::task_base::release()
 .text._ZN4rtos9task_base7suspendEv
                0x0000000000000848        0x8 rtos.o
                0x0000000000000848                rtos::task_base::suspend()
 .text._ZN4rtos9task_base6resumeEv
                0x0000000000000850        0x8 rtos.o
                0x0000000000000850                rtos::task_base::resume()
 .text._ZN4rtos9task_base7unblockEv
                0x0000000000000858       0x14 rtos.o
                0x0000000000000858                rtos::task_base::unblock()
 .text._ZN4rtos9task_base5blockEv
                0x000000000000086c       0x70 rtos.o
                0x000000000000086c                rtos::task_base::block()
 .text._ZNK4rtos9task_base5printERN5hwlib7ostreamEb
                0x00000000000008dc      0x154 rtos.o
                0x00000000000008dc                rtos::task_base::print(hwlib::ostream&, bool) const
 .text._ZNK4rtos4flag5printERN5hwlib7ostreamEb
                0x0000000000000a30       0xcc rtos.o
                0x0000000000000a30                rtos::flag::print(hwlib::ostream&, bool) const
 .text._ZNK4rtos5timer5printERN5hwlib7ostreamEb
                0x0000000000000afc       0xd0 rtos.o
                0x0000000000000afc                rtos::timer::print(hwlib::ostream&, bool) const
 .text._ZNK4rtos5clock5printERN5hwlib7ostreamEb
                0x0000000000000bcc       0xd4 rtos.o
                0x0000000000000bcc                rtos::clock::print(hwlib::ostream&, bool) const
 .text._ZN4rtos12waitable_set17waitable_allocateEv
                0x0000000000000ca0       0x38 rtos.o
                0x0000000000000ca0                rtos::waitable_set::waitable_allocate()
 .text._ZN4rtos8waitableC2EPNS_9task_baseEPKc
                0x0000000000000cd8       0x2c rtos.o
                0x0000000000000cd8                rtos::waitable::waitable(rtos::task_base*, char const*)
                0x0000000000000cd8                rtos::waitable::waitable(rtos::task_base*, char const*)
 .text._ZN4rtos12waitable_set3setERKNS_8waitableE
                0x0000000000000d04       0x14 rtos.o
                0x0000000000000d04                rtos::waitable_set::set(rtos::waitable const&)
 .text._ZN4rtos5clock7time_upEv
                0x0000000000000d18       0x38 rtos.o
                0x0000000000000d18                rtos::clock::time_up()
 .text._ZThn16_N4rtos5clock7time_upEv
                0x0000000000000d50        0x8 rtos.o
                0x0000000000000d50                non-virtual thunk to rtos::clock::time_up()
 .text._ZN4rtos5timer7time_upEv
                0x0000000000000d58       0x10 rtos.o
                0x0000000000000d58                rtos::timer::time_up()
                0x0000000000000d62                non-virtual thunk to rtos::timer::time_up()
 .text._ZN4rtos12waitable_set5clearERKNS_8waitableE
                0x0000000000000d68        0xc rtos.o
                0x0000000000000d68                rtos::waitable_set::clear(rtos::waitable const&)
 .text._ZN4rtos8waitable5clearEv
                0x0000000000000d74        0xa rtos.o
                0x0000000000000d74                rtos::waitable::clear()
 .text._ZN4rtos5timer6cancelEv
                0x0000000000000d7e       0x16 rtos.o
                0x0000000000000d7e                rtos::timer::cancel()
 .text._ZThn16_N4rtos5timer6cancelEv
                0x0000000000000d94        0x8 rtos.o
                0x0000000000000d94                non-virtual thunk to rtos::timer::cancel()
 .text._ZN4rtos5clock5clearEv
                0x0000000000000d9c        0x8 rtos.o
                0x0000000000000d9c                rtos::clock::clear()
 .text._ZN4rtos12waitable_set4waitEj
                0x0000000000000da4       0x64 rtos.o
                0x0000000000000da4                rtos::waitable_set::wait(unsigned int)
 .text._ZNK4rtos5mutex5printERN5hwlib7ostreamEb
                0x0000000000000e08       0xec rtos.o
                0x0000000000000e08                rtos::mutex::print(hwlib::ostream&, bool) const
 .text._ZNK4rtos12channel_base5printERN5hwlib7ostreamEb
                0x0000000000000ef4       0xe0 rtos.o
                0x0000000000000ef4                rtos::channel_base::print(hwlib::ostream&, bool) const
 .text._ZNK4rtos9pool_base5printERN5hwlib7ostreamEb
                0x0000000000000fd4       0x78 rtos.o
                0x0000000000000fd4                rtos::pool_base::print(hwlib::ostream&, bool) const
 .text._ZNK4rtos12mailbox_base5printERN5hwlib7ostreamEb
                0x000000000000104c       0xc4 rtos.o
                0x000000000000104c                rtos::mailbox_base::print(hwlib::ostream&, bool) const
 .text._ZN4rtos3addEPNS_5timerE
                0x0000000000001110       0x10 rtos.o
                0x0000000000001110                rtos::add(rtos::timer*)
 .text._ZN4rtos3addEPNS_5clockE
                0x0000000000001120       0x10 rtos.o
                0x0000000000001120                rtos::add(rtos::clock*)
 .text._ZN4rtos3addEPNS_12channel_baseE
                0x0000000000001130       0x10 rtos.o
                0x0000000000001130                rtos::add(rtos::channel_base*)
 .text._ZN4rtos12channel_baseC2EPNS_9task_baseEPKc
                0x0000000000001140       0x30 rtos.o
                0x0000000000001140                rtos::channel_base::channel_base(rtos::task_base*, char const*)
                0x0000000000001140                rtos::channel_base::channel_base(rtos::task_base*, char const*)
 .text._ZN4rtos5printERN5hwlib7ostreamE
                0x0000000000001170      0x1b4 rtos.o
                0x0000000000001170                rtos::print(hwlib::ostream&)
 .text._ZN4rtos4beatEv
                0x0000000000001324      0x148 rtos.o
                0x0000000000001324                rtos::beat()
 .text._ZN4rtos3runEv
                0x000000000000146c       0x20 rtos.o
                0x000000000000146c                rtos::run()
 .text._ZN4rtos3addEPNS_8callbackE
                0x000000000000148c       0x10 rtos.o
                0x000000000000148c                rtos::add(rtos::callback*)
 .text._ZN4rtos8callbackC2EPKc
                0x000000000000149c       0x28 rtos.o
                0x000000000000149c                rtos::callback::callback(char const*)
                0x000000000000149c                rtos::callback::callback(char const*)
 .text._ZN4rtos5timerC2EPNS_9task_baseEPKc
                0x00000000000014c4       0x34 rtos.o
                0x00000000000014c4                rtos::timer::timer(rtos::task_base*, char const*)
                0x00000000000014c4                rtos::timer::timer(rtos::task_base*, char const*)
 .text._ZN4rtos5clockC2EPNS_9task_baseEmPKc
                0x00000000000014f8       0x3c rtos.o
                0x00000000000014f8                rtos::clock::clock(rtos::task_base*, unsigned long, char const*)
                0x00000000000014f8                rtos::clock::clock(rtos::task_base*, unsigned long, char const*)
 .text._ZN4rtos3addEPNS_9task_baseE
                0x0000000000001534       0x74 rtos.o
                0x0000000000001534                rtos::add(rtos::task_base*)
 .text._ZN4rtos9task_baseC2ER9coroutineILl0EEjPKc
                0x00000000000015a8       0x4c rtos.o
                0x00000000000015a8                rtos::task_base::task_base(coroutine<0l>&, unsigned int, char const*)
                0x00000000000015a8                rtos::task_base::task_base(coroutine<0l>&, unsigned int, char const*)
 .text._ZN5hwlib7wait_usEi
                0x00000000000015f4       0x3c rtos.o
                0x00000000000015f4                hwlib::wait_us(int)
 .text._ZN5hwlib7wait_msEi
                0x0000000000001630       0x16 rtos.o
                0x0000000000001630                hwlib::wait_ms(int)
 .text._ZN5hwlib20cout_using_uart_putc5flushEv
                0x0000000000001646        0x2 hwlib.o
                0x0000000000001646                hwlib::cout_using_uart_putc::flush()
 .text._ZN5hwlib6window20clear_implementationENS_5colorE
                0x0000000000001648       0x72 hwlib.o
                0x0000000000001648                hwlib::window::clear_implementation(hwlib::color)
 .text._ZN5hwlib6window5clearENS_5colorE
                0x00000000000016ba       0x56 hwlib.o
                0x00000000000016ba                hwlib::window::clear(hwlib::color)
 .text._ZN5hwlib5panicEPKcj
                0x0000000000001710        0x2 hwlib.o
                0x0000000000001710                hwlib::panic(char const*, unsigned int)
 *fill*         0x0000000000001712        0x2 
 .text._ZN5hwlib10background18do_background_workEv
                0x0000000000001714       0x3c hwlib.o
                0x0000000000001714                hwlib::background::do_background_work()
 .text._ZN5hwlib3allENS_2xyE
                0x0000000000001750       0x16 hwlib.o
                0x0000000000001750                hwlib::all(hwlib::xy)
 .text._ZNK5hwlib5colorngEv
                0x0000000000001766       0x2e hwlib.o
                0x0000000000001766                hwlib::color::operator-() const
 .text._ZNK5hwlib5image4readENS_2xyE
                0x0000000000001794       0x3a hwlib.o
                0x0000000000001794                hwlib::image::read(hwlib::xy) const
 .text._ZNK5hwlib14image_invert_t19read_implementationENS_2xyE
                0x00000000000017ce       0x64 hwlib.o
                0x00000000000017ce                hwlib::image_invert_t::read_implementation(hwlib::xy) const
 *fill*         0x0000000000001832        0x2 
 .text._ZN5hwlib6invertERKNS_5imageE
                0x0000000000001834       0x18 hwlib.o
                0x0000000000001834                hwlib::invert(hwlib::image const&)
 .text._ZN3due9uart_initEv
                0x000000000000184c       0x60 hwlib.o
                0x000000000000184c                due::uart_init()
 .text._ZN3due9uart_putcEc
                0x00000000000018ac       0x20 hwlib.o
                0x00000000000018ac                due::uart_putc(char)
 .text._ZN5hwlib20cout_using_uart_putc4putcEc
                0x00000000000018cc        0xa hwlib.o
                0x00000000000018cc                hwlib::cout_using_uart_putc::putc(char)
 .text._ZN5hwlib6now_usEv
                0x00000000000018d6       0x1c hwlib.o
                0x00000000000018d6                hwlib::now_us()
 .text._ZN5hwlib12wait_us_busyEi
                0x00000000000018f2       0x1c hwlib.o
                0x00000000000018f2                hwlib::wait_us_busy(int)
 .text._ZN5hwlib8terminal10cursor_setENS_2xyE
                0x000000000000190e       0x28 main.o
                0x000000000000190e                hwlib::terminal::cursor_set(hwlib::xy)
 .text._ZN5hwlib14i2c_primitives8read_ackEv
                0x0000000000001936       0x10 main.o
                0x0000000000001936                hwlib::i2c_primitives::read_ack()
 .text._ZN5hwlib14i2c_primitives9write_ackEv
                0x0000000000001946        0x8 main.o
                0x0000000000001946                hwlib::i2c_primitives::write_ack()
 .text._ZN5hwlib14i2c_primitives10write_nackEv
                0x000000000000194e        0x8 main.o
                0x000000000000194e                hwlib::i2c_primitives::write_nack()
 .text._ZN5hwlib14i2c_primitives5writeEh
                0x0000000000001956       0x1c main.o
                0x0000000000001956                hwlib::i2c_primitives::write(unsigned char)
 .text._ZN5hwlib14i2c_primitives5writeEPKhj
                0x0000000000001972       0x24 main.o
                0x0000000000001972                hwlib::i2c_primitives::write(unsigned char const*, unsigned int)
 .text._ZN5hwlib14i2c_primitives9read_byteEv
                0x0000000000001996       0x20 main.o
                0x0000000000001996                hwlib::i2c_primitives::read_byte()
 .text._ZN5hwlib14i2c_primitives4readEbPhj
                0x00000000000019b6       0x36 main.o
                0x00000000000019b6                hwlib::i2c_primitives::read(bool, unsigned char*, unsigned int)
 .text._ZN5hwlib13terminal_from25cursor_set_implementationENS_2xyE
                0x00000000000019ec       0x28 main.o
                0x00000000000019ec                hwlib::terminal_from::cursor_set_implementation(hwlib::xy)
 .text._ZN5hwlib13terminal_from5clearEv
                0x0000000000001a14       0x30 main.o
                0x0000000000001a14                hwlib::terminal_from::clear()
 .text._ZN5hwlib13terminal_from5flushEv
                0x0000000000001a44        0x8 main.o
                0x0000000000001a44                hwlib::terminal_from::flush()
 .text._ZNK5hwlib11image_16x1619read_implementationENS_2xyE
                0x0000000000001a4c       0x68 main.o
                0x0000000000001a4c                hwlib::image_16x16::read_implementation(hwlib::xy) const
 .text._ZNK5hwlib18font_default_16x16ixEc
                0x0000000000001ab4       0x10 main.o
                0x0000000000001ab4                hwlib::font_default_16x16::operator[](char) const
 .text._ZN5hwlib29glcd_oled_i2c_128x64_buffered20write_implementationENS_2xyENS_5colorE
                0x0000000000001ac4       0x64 main.o
                0x0000000000001ac4                hwlib::glcd_oled_i2c_128x64_buffered::write_implementation(hwlib::xy, hwlib::color)
 .text._ZN3due6pin_in4readEv
                0x0000000000001b28       0x10 main.o
                0x0000000000001b28                due::pin_in::read()
 .text._ZN3due6pin_in7refreshEv
                0x0000000000001b38        0x2 main.o
                0x0000000000001b38                due::pin_in::refresh()
 .text._ZN3due7pin_out5writeEb
                0x0000000000001b3a        0xe main.o
                0x0000000000001b3a                due::pin_out::write(bool)
 .text._ZN3due7pin_out5flushEv
                0x0000000000001b48        0x2 main.o
                0x0000000000001b48                due::pin_out::flush()
 .text._ZN3due6pin_oc4readEv
                0x0000000000001b4a       0x10 main.o
                0x0000000000001b4a                due::pin_oc::read()
 .text._ZN3due6pin_oc5writeEb
                0x0000000000001b5a       0x10 main.o
                0x0000000000001b5a                due::pin_oc::write(bool)
 .text._ZN3due6pin_oc5flushEv
                0x0000000000001b6a        0x2 main.o
                0x0000000000001b6a                due::pin_oc::flush()
 .text._ZN3due6pin_oc7refreshEv
                0x0000000000001b6c        0x2 main.o
                0x0000000000001b6c                due::pin_oc::refresh()
 .text._ZN4rtos7channelIhLi10EE5clearEv
                0x0000000000001b6e       0x10 main.o
                0x0000000000001b6e                rtos::channel<unsigned char, 10>::clear()
 .text._ZN4rtos7channelIyLi1024EE5clearEv
                0x0000000000001b7e       0x10 main.o
                0x0000000000001b7e                rtos::channel<unsigned long long, 1024>::clear()
 .text.startup._ZN19receiver_controller4mainEv
                0x0000000000001b8e       0x6c main.o
                0x0000000000001b8e                receiver_controller::main()
 .text._ZN5hwlib8terminal4putcEc
                0x0000000000001bfa       0xde main.o
                0x0000000000001bfa                hwlib::terminal::putc(char)
 .text._ZN5hwlib26i2c_bus_bit_banged_scl_sda16wait_half_periodEv.isra.4
                0x0000000000001cd8        0x6 main.o
 .text._ZN5hwlib26i2c_bus_bit_banged_scl_sda11write_startEv
                0x0000000000001cde       0x34 main.o
                0x0000000000001cde                hwlib::i2c_bus_bit_banged_scl_sda::write_start()
 .text._ZN5hwlib26i2c_bus_bit_banged_scl_sda10write_stopEv
                0x0000000000001d12       0x60 main.o
                0x0000000000001d12                hwlib::i2c_bus_bit_banged_scl_sda::write_stop()
 .text._ZN5hwlib26i2c_bus_bit_banged_scl_sda9write_bitEb
                0x0000000000001d72       0x52 main.o
                0x0000000000001d72                hwlib::i2c_bus_bit_banged_scl_sda::write_bit(bool)
 .text._ZN5hwlib26i2c_bus_bit_banged_scl_sda8read_bitEv
                0x0000000000001dc4       0x68 main.o
                0x0000000000001dc4                hwlib::i2c_bus_bit_banged_scl_sda::read_bit()
 .text._ZN5hwlib21i2c_write_transactionC2ERNS_14i2c_primitivesEj
                0x0000000000001e2c       0x24 main.o
                0x0000000000001e2c                hwlib::i2c_write_transaction::i2c_write_transaction(hwlib::i2c_primitives&, unsigned int)
                0x0000000000001e2c                hwlib::i2c_write_transaction::i2c_write_transaction(hwlib::i2c_primitives&, unsigned int)
 .text._ZN5hwlib21i2c_write_transaction5writeEPKhj
                0x0000000000001e50        0x8 main.o
                0x0000000000001e50                hwlib::i2c_write_transaction::write(unsigned char const*, unsigned int)
 .text._ZN5hwlib21i2c_write_transactionD2Ev
                0x0000000000001e58       0x18 main.o
                0x0000000000001e58                hwlib::i2c_write_transaction::~i2c_write_transaction()
                0x0000000000001e58                hwlib::i2c_write_transaction::~i2c_write_transaction()
 .text._ZN5hwlib6window5writeENS_2xyERKNS_5imageE
                0x0000000000001e70       0xdc main.o
                0x0000000000001e70                hwlib::window::write(hwlib::xy, hwlib::image const&)
 .text._ZN5hwlib13terminal_from19putc_implementationEc
                0x0000000000001f4c       0x2e main.o
                0x0000000000001f4c                hwlib::terminal_from::putc_implementation(char)
 .text._ZN5hwlib11ssd1306_i2c7commandENS_16ssd1306_commandsEhh
                0x0000000000001f7a       0x3c main.o
                0x0000000000001f7a                hwlib::ssd1306_i2c::command(hwlib::ssd1306_commands, unsigned char, unsigned char)
 .text._ZN5hwlib29glcd_oled_i2c_128x64_buffered5flushEv
                0x0000000000001fb6       0x58 main.o
                0x0000000000001fb6                hwlib::glcd_oled_i2c_128x64_buffered::flush()
 *fill*         0x000000000000200e        0x2 
 .text._ZN3due7pin_outC2ENS_4pinsE
                0x0000000000002010       0x34 main.o
                0x0000000000002010                due::pin_out::pin_out(due::pins)
                0x0000000000002010                due::pin_out::pin_out(due::pins)
 .text._ZN3due6pin_ocC2ENS_4pinsE
                0x0000000000002044       0x34 main.o
                0x0000000000002044                due::pin_oc::pin_oc(due::pins)
                0x0000000000002044                due::pin_oc::pin_oc(due::pins)
 .text._ZN4rtos4taskILi4096EEC2EjPKc
                0x0000000000002078       0x54 main.o
                0x0000000000002078                rtos::task<4096>::task(unsigned int, char const*)
                0x0000000000002078                rtos::task<4096>::task(unsigned int, char const*)
 .text.startup.main
                0x00000000000020cc      0x28c main.o
                0x00000000000020cc                main
 .text.__startup
                0x0000000000002358       0x48 bmptk_cortex.o
                0x0000000000002358                __startup
 .text.__cxa_pure_virtual
                0x00000000000023a0        0x2 bmptk_cortex.o
                0x00000000000023a0                __cxa_pure_virtual
 *fill*         0x00000000000023a2        0x2 
 .text.malloc   0x00000000000023a4       0x24 bmptk_heap_bmptk.o
                0x00000000000023a4                malloc
 .text          0x00000000000023c8      0x21c /usr/bin/../lib/gcc/arm-none-eabi/7.3.1/thumb/v7-m/libgcc.a(_arm_addsubsf3.o)
                0x00000000000023c8                __aeabi_frsub
                0x00000000000023d0                __subsf3
                0x00000000000023d0                __aeabi_fsub
                0x00000000000023d4                __aeabi_fadd
                0x00000000000023d4                __addsf3
                0x0000000000002534                __aeabi_ui2f
                0x0000000000002534                __floatunsisf
                0x000000000000253c                __aeabi_i2f
                0x000000000000253c                __floatsisf
                0x0000000000002558                __floatundisf
                0x0000000000002558                __aeabi_ul2f
                0x0000000000002568                __floatdisf
                0x0000000000002568                __aeabi_l2f
 .text          0x00000000000025e4      0x2a0 /usr/bin/../lib/gcc/arm-none-eabi/7.3.1/thumb/v7-m/libgcc.a(_arm_muldivsf3.o)
                0x00000000000025e4                __mulsf3
                0x00000000000025e4                __aeabi_fmul
                0x000000000000274c                __divsf3
                0x000000000000274c                __aeabi_fdiv
 .text          0x0000000000002884       0x4c /usr/bin/../lib/gcc/arm-none-eabi/7.3.1/thumb/v7-m/libgcc.a(_arm_fixsfsi.o)
                0x0000000000002884                __fixsfsi
                0x0000000000002884                __aeabi_f2iz
 .text          0x00000000000028d0       0xa0 /usr/bin/../lib/gcc/arm-none-eabi/7.3.1/thumb/v7-m/libgcc.a(_aeabi_ldivmod.o)
                0x00000000000028d0                __aeabi_ldivmod
 .text          0x0000000000002970       0x30 /usr/bin/../lib/gcc/arm-none-eabi/7.3.1/thumb/v7-m/libgcc.a(_aeabi_uldivmod.o)
                0x0000000000002970                __aeabi_uldivmod
 .text          0x00000000000029a0      0x2d0 /usr/bin/../lib/gcc/arm-none-eabi/7.3.1/thumb/v7-m/libgcc.a(_udivmoddi4.o)
                0x00000000000029a0                __udivmoddi4
 .text          0x0000000000002c70        0x4 /usr/bin/../lib/gcc/arm-none-eabi/7.3.1/thumb/v7-m/libgcc.a(_dvmd_tls.o)
                0x0000000000002c70                __aeabi_ldiv0
                0x0000000000002c74                . = ALIGN (0x4)
 *(.glue_7t .glue_7)
 .glue_7        0x0000000000002c74        0x0 linker stubs
 .glue_7t       0x0000000000002c74        0x0 linker stubs
                0x0000000000002c74                . = ALIGN (0x4)
 *(.rodata .rodata.* .gnu.linkonce.r.*)
 .rodata._ZN3due8pin_infoENS_4pinsE.str1.1
                0x0000000000002c74       0x37 ../../sendReceive/source/receive_classes.o
 .rodata._ZZN3due8pin_infoENS_4pinsEE14pin_info_array
                0x0000000000002cab       0xa4 ../../sendReceive/source/receive_classes.o
 .rodata._ZN4rtos7channelIyLi1024EE4readEv.str1.1
                0x0000000000002d4f       0x32 ../../sendReceive/source/msg_decoder.o
                                         0x34 (size before relaxing)
 *fill*         0x0000000000002d81        0x3 
 .rodata._ZTV11msg_decoder
                0x0000000000002d84       0x14 ../../sendReceive/source/msg_decoder.o
                0x0000000000002d84                vtable for msg_decoder
 .rodata._ZN4rtos7channelIhLi10EE4readEv.str1.1
                0x0000000000002d98       0x34 ../../sendReceive/source/test_receiver.o
 .rodata._ZTV13test_receiver
                0x0000000000002d98       0x14 ../../sendReceive/source/test_receiver.o
                0x0000000000002d98                vtable for test_receiver
 .rodata._ZTVN4rtos8waitableE
                0x0000000000002dac        0xc rtos.o
                0x0000000000002dac                vtable for rtos::waitable
 .rodata._ZTVN4rtos8callbackE
                0x0000000000002db8       0x10 rtos.o
                0x0000000000002db8                vtable for rtos::callback
 .rodata._ZTVN4rtos12channel_baseE
                0x0000000000002dc8        0xc rtos.o
                0x0000000000002dc8                vtable for rtos::channel_base
 .rodata._Z15task_trampolinev.str1.1
                0x0000000000002dd4       0x2e rtos.o
 .rodata._ZN4rtos12waitable_set17waitable_allocateEv.str1.1
                0x0000000000002e02       0x1b rtos.o
 .rodata._ZN4rtos3addEPNS_9task_baseE.str1.1
                0x0000000000002e1d       0x2e rtos.o
 .rodata._ZN4rtos4beatEv.str1.1
                0x0000000000002e4b       0x3e rtos.o
 .rodata._ZN4rtos5printERN5hwlib7ostreamE.str1.1
                0x0000000000002e89       0x83 rtos.o
 .rodata._ZN4rtos9task_base5blockEv.str1.1
                0x0000000000002f0c       0x37 rtos.o
                                         0x4b (size before relaxing)
 .rodata._ZN4rtos9task_baseC2ER9coroutineILl0EEjPKc.str1.1
                0x0000000000002f43        0x8 rtos.o
 .rodata._ZNK4rtos12channel_base5printERN5hwlib7ostreamEb.str1.1
                0x0000000000002f4b       0x23 rtos.o
 .rodata._ZNK4rtos12mailbox_base5printERN5hwlib7ostreamEb.str1.1
                0x0000000000002f6e       0x1b rtos.o
 .rodata._ZNK4rtos4flag5printERN5hwlib7ostreamEb.str1.1
                0x0000000000002f89       0x1e rtos.o
 .rodata._ZNK4rtos5clock5printERN5hwlib7ostreamEb.str1.1
                0x0000000000002fa7       0x1d rtos.o
 .rodata._ZNK4rtos5mutex5printERN5hwlib7ostreamEb.str1.1
                0x0000000000002fc4       0x29 rtos.o
 .rodata._ZNK4rtos5timer5printERN5hwlib7ostreamEb.str1.1
                0x0000000000002fed       0x13 rtos.o
 .rodata._ZNK4rtos9pool_base5printERN5hwlib7ostreamEb.str1.1
                0x0000000000003000       0x10 rtos.o
 .rodata._ZNK4rtos9task_base5printERN5hwlib7ostreamEb.str1.1
                0x0000000000003010       0x39 rtos.o
 *fill*         0x0000000000003049        0x3 
 .rodata._ZTVN4rtos5clockE
                0x000000000000304c       0x20 rtos.o
                0x000000000000304c                vtable for rtos::clock
 .rodata._ZTVN4rtos5timerE
                0x000000000000306c       0x24 rtos.o
                0x000000000000306c                vtable for rtos::timer
 .rodata._ZTVN4rtos9task_baseE
                0x0000000000003090       0x14 rtos.o
                0x0000000000003090                vtable for rtos::task_base
 .rodata._ZTVN5hwlib20cout_using_uart_putcE
                0x00000000000030a4       0x10 hwlib.o
                0x00000000000030a4                vtable for hwlib::cout_using_uart_putc
 .rodata._ZTVN5hwlib14image_invert_tE
                0x00000000000030b4        0xc hwlib.o
                0x00000000000030b4                vtable for hwlib::image_invert_t
 .rodata._ZN5hwlib15font_16x16_dataE
                0x00000000000030c0      0xbe4 hwlib.o
                0x00000000000030c0                hwlib::font_16x16_data
 .rodata._ZTVN5hwlib26i2c_bus_bit_banged_scl_sdaE
                0x0000000000003ca4       0x34 main.o
                0x0000000000003ca4                vtable for hwlib::i2c_bus_bit_banged_scl_sda
 .rodata._ZTVN5hwlib13terminal_fromE
                0x0000000000003cd8       0x20 main.o
                0x0000000000003cd8                vtable for hwlib::terminal_from
 .rodata._ZTVN5hwlib11image_16x16E
                0x0000000000003cf8        0xc main.o
                0x0000000000003cf8                vtable for hwlib::image_16x16
 .rodata._ZTVN5hwlib18font_default_16x16E
                0x0000000000003d04        0xc main.o
                0x0000000000003d04                vtable for hwlib::font_default_16x16
 .rodata._ZTVN5hwlib29glcd_oled_i2c_128x64_bufferedE
                0x0000000000003d10       0x18 main.o
                0x0000000000003d10                vtable for hwlib::glcd_oled_i2c_128x64_buffered
 .rodata._ZTVN3due6pin_inE
                0x0000000000003d28       0x10 main.o
                0x0000000000003d28                vtable for due::pin_in
 .rodata._ZTVN3due7pin_outE
                0x0000000000003d38       0x10 main.o
                0x0000000000003d38                vtable for due::pin_out
 .rodata._ZTVN3due6pin_ocE
                0x0000000000003d48       0x18 main.o
                0x0000000000003d48                vtable for due::pin_oc
 .rodata._ZTVN4rtos4taskILi4096EEE
                0x0000000000003d60       0x14 main.o
                0x0000000000003d60                vtable for rtos::task<4096>
 .rodata._ZTVN4rtos7channelIhLi10EEE
                0x0000000000003d74        0xc main.o
                0x0000000000003d74                vtable for rtos::channel<unsigned char, 10>
 .rodata._ZTVN4rtos7channelIyLi1024EEE
                0x0000000000003d80        0xc main.o
                0x0000000000003d80                vtable for rtos::channel<unsigned long long, 1024>
 .rodata._ZTV19receiver_controller
                0x0000000000003d8c       0x14 main.o
                0x0000000000003d8c                vtable for receiver_controller
 .rodata._ZN4rtos9task_baseD2Ev.str1.1
                0x0000000000003da0       0x17 main.o
                                         0x2b (size before relaxing)
 .rodata._ZN5hwlibL11unspecifiedE
                0x0000000000003db7        0x4 main.o
 *fill*         0x0000000000003dbb        0x1 
 .rodata._ZN5hwlibL13_images_16x16E
                0x0000000000003dbc      0x800 main.o
 .rodata._ZN5hwlibL22ssd1306_initializationE
                0x00000000000045bc       0x29 main.o
 .rodata._ZN5hwlibL5blackE
                0x00000000000045e5        0x4 main.o
 .rodata._ZN5hwlibL5whiteE
                0x00000000000045e9        0x4 main.o
 .rodata.main.str1.1
                0x00000000000045ed       0x7e main.o
                0x000000000000466c                . = ALIGN (0x4)
 *fill*         0x000000000000466b        0x1 
 *(.ARM.extab* .gnu.linkonce.armextab.*)
                0x000000000000466c                . = ALIGN (0x4)
 *(.gcc_except_table)
                0x000000000000466c                . = ALIGN (0x4)
 *(.eh_frame_hdr)
                0x000000000000466c                . = ALIGN (0x4)
 *(.eh_frame)
                0x000000000000466c                . = ALIGN (0x4)
                0x000000000000466c                __text_end = .
                [!provide]                        PROVIDE (__text_end = __text_end)

.vfp11_veneer   0x000000000000466c        0x0
 .vfp11_veneer  0x000000000000466c        0x0 linker stubs

.v4_bx          0x000000000000466c        0x0
 .v4_bx         0x000000000000466c        0x0 linker stubs

.iplt           0x000000000000466c        0x0
 .iplt          0x000000000000466c        0x0 ../../sendReceive/source/receive_classes.o

.IF_YOU_SEE_THIS_YOU_HAVE_ONE_OR_MORE_GLOBAL_OBJECT_CONSTRUCTORS
 *(.init)
 *(.preinit_array)
 *(SORT_BY_NAME(.init_array.*))
 *(.init_array)
                0x000000000000466c                . = ALIGN (0x4)
                0x000000000000466c                __exidx_start = .
                [!provide]                        PROVIDE (__exidx_start = __exidx_start)

.ARM.exidx      0x000000000000466c        0x8
 *(.ARM.exidx* .gnu.linkonce.armexidx.*)
 .ARM.exidx     0x000000000000466c        0x8 /usr/bin/../lib/gcc/arm-none-eabi/7.3.1/thumb/v7-m/libgcc.a(_udivmoddi4.o)

.rel.dyn        0x0000000000004674        0x0
 .rel.iplt      0x0000000000004674        0x0 ../../sendReceive/source/receive_classes.o
                0x0000000000004674                . = ALIGN (0x4)
                0x0000000000004674                __exidx_end = .
                [!provide]                        PROVIDE (__exidx_end = __exidx_end)

.bss            0x0000000020000000    0x1405c
                0x0000000020000000                . = ALIGN (0x4)
                0x0000000020000000                __stack_start = .
                [!provide]                        PROVIDE (__stack_start = __stack_start)
                0x0000000020000000                . = ALIGN (0x4)
 *(.bmptk_stack)
 .bmptk_stack   0x0000000020000000    0x14000 bmptk_fixed_size_stack.o
                0x0000000020000000                bmptk_stack
                0x0000000020014000                . = ALIGN (0x8)
                0x0000000020014000                __main_stack_end = .
                [!provide]                        PROVIDE (__main_stack_end = __main_stack_end)
                0x0000000020014000                . = ALIGN (0x4)
                0x0000000020014000                __stack_end = .
                [!provide]                        PROVIDE (__stack_end = __stack_end)
                0x0000000020014000                . = ALIGN (0x4)
                0x0000000020014000                __bss_start = .
                [!provide]                        PROVIDE (__bss_start = __bss_start)
                0x0000000020014000                . = ALIGN (0x4)
 *(.bss .bss.* .gnu.linkonce.b.*)
 .bss._ZZN3due9now_ticksEvE4high
                0x0000000020014000        0x8 ../../sendReceive/source/receive_classes.o
 .bss._ZZN3due9now_ticksEvE8last_low
                0x0000000020014008        0x4 ../../sendReceive/source/receive_classes.o
 .bss._ZZN3due9now_ticksEvE9init_done
                0x000000002001400c        0x1 ../../sendReceive/source/receive_classes.o
 *fill*         0x000000002001400d        0x3 
 .bss._ZN17coroutine_context7main_spE
                0x0000000020014010        0x4 coroutine.o
                0x0000000020014010                coroutine_context::main_sp
 .bss._ZN4rtos10must_clearE
                0x0000000020014014        0x1 rtos.o
                0x0000000020014014                rtos::must_clear
 *fill*         0x0000000020014015        0x3 
 .bss._ZN4rtos17rtos_current_taskE
                0x0000000020014018        0x4 rtos.o
                0x0000000020014018                rtos::rtos_current_task
 .bss._ZN4rtos17scheduler_runningE
                0x000000002001401c        0x1 rtos.o
                0x000000002001401c                rtos::scheduler_running
 *fill*         0x000000002001401d        0x3 
 .bss._ZN4rtos5flagsE
                0x0000000020014020        0x4 rtos.o
                0x0000000020014020                rtos::flags
 .bss._ZN4rtos5poolsE
                0x0000000020014024        0x4 rtos.o
                0x0000000020014024                rtos::pools
 .bss._ZN4rtos6clocksE
                0x0000000020014028        0x4 rtos.o
                0x0000000020014028                rtos::clocks
 .bss._ZN4rtos6timersE
                0x000000002001402c        0x4 rtos.o
                0x000000002001402c                rtos::timers
 .bss._ZN4rtos7mutexesE
                0x0000000020014030        0x4 rtos.o
                0x0000000020014030                rtos::mutexes
 .bss._ZN4rtos8channelsE
                0x0000000020014034        0x4 rtos.o
                0x0000000020014034                rtos::channels
 .bss._ZN4rtos8taskListE
                0x0000000020014038        0x4 rtos.o
                0x0000000020014038                rtos::taskList
 .bss._ZN4rtos9mailboxesE
                0x000000002001403c        0x4 rtos.o
                0x000000002001403c                rtos::mailboxes
 .bss._ZN4rtos9timerListE
                0x0000000020014040        0x4 rtos.o
                0x0000000020014040                rtos::timerList
 *fill*         0x0000000020014044        0x4 
 .bss.last_run_time
                0x0000000020014048        0x8 rtos.o
                0x0000000020014048                last_run_time
 .bss._ZN5hwlib10background5firstE
                0x0000000020014050        0x4 hwlib.o
                0x0000000020014050                hwlib::background::first
 .bss._ZN5hwlib10background7currentE
                0x0000000020014054        0x4 hwlib.o
                0x0000000020014054                hwlib::background::current
 .bss._ZN5hwlib10background7runningE
                0x0000000020014058        0x1 hwlib.o
                0x0000000020014058                hwlib::background::running
 .bss._ZZN3due9uart_initEvE9init_done
                0x0000000020014059        0x1 hwlib.o
                0x000000002001405c                . = ALIGN (0x4)
 *fill*         0x000000002001405a        0x2 
 *(COMMON)
                0x000000002001405c                . = ALIGN (0x4)
                0x000000002001405c                __bss_end = .
                [!provide]                        PROVIDE (__bss_end = __bss_end)

.data           0x000000002001405c       0x28 load address 0x0000000000004674
                0x000000002001405c                . = ALIGN (0x4)
                0x0000000000004674                __data_init_start = LOADADDR (.data)
                [!provide]                        PROVIDE (__data_init_start = __data_init_start)
                0x000000002001405c                __data_start = .
                [!provide]                        PROVIDE (__data_start = __data_start)
                0x000000002001405c                . = ALIGN (0x4)
 *(.data .data.* .gnu.linkonce.d.*)
 .data._ZN6sam3xa15SystemCoreClockE
                0x000000002001405c        0x4 ../../sendReceive/source/receive_classes.o
                0x000000002001405c                sam3xa::SystemCoreClock
 .data._ZN17coroutine_context24current_coroutine_sp_ptrE
                0x0000000020014060        0x4 coroutine.o
                0x0000000020014060                coroutine_context::current_coroutine_sp_ptr
 .data._ZN3due7hw_uartE
                0x0000000020014064        0x4 hwlib.o
                0x0000000020014064                due::hw_uart
 .data._ZN5hwlib4coutE
                0x0000000020014068       0x14 hwlib.o
                0x0000000020014068                hwlib::cout
 .data._first_free
                0x000000002001407c        0x4 bmptk_heap_bmptk.o
                0x000000002001407c                _first_free
 .data._last_free
                0x0000000020014080        0x4 bmptk_heap_bmptk.o
                0x0000000020014080                _last_free
                0x0000000020014084                . = ALIGN (0x4)
                0x0000000020014084                __data_end = .
                [!provide]                        PROVIDE (__data_end = __data_end)
                0x0000000000004674                __data_init_end = LOADADDR (.data)
                [!provide]                        PROVIDE (__data_init_end = __data_init_end)
                [!provide]                        PROVIDE (__data_size = (__data_end - __data_start))
                [!provide]                        PROVIDE (__data_init_size = __data_size)
                [!provide]                        PROVIDE (__data_init_end = (__data_init_start + __data_init_size))

.igot.plt       0x0000000020014084        0x0 load address 0x000000000000469c
 .igot.plt      0x0000000020014084        0x0 ../../sendReceive/source/receive_classes.o
                0x0000000020014084                . = ALIGN (0x4)
                0x0000000020014084                __heap_start = .
                [!provide]                        PROVIDE (__heap_start = __heap_start)
                0x0000000020014084                . = ALIGN (0x4)
                0x0000000020018000                __heap_end = __ram_end
                [!provide]                        PROVIDE (__heap_end = __heap_end)

.stab
 *(.stab)

.stabstr
 *(.stabstr)

.debug
 *(.debug)

.line
 *(.line)

.debug_srcinfo
 *(.debug_srcinfo)

.debug_sfnames
 *(.debug_sfnames)

.debug_aranges
 *(.debug_aranges)

.debug_pubnames
 *(.debug_pubnames)

.debug_info
 *(.debug_info .gnu.linkonce.wi.*)

.debug_abbrev
 *(.debug_abbrev)

.debug_line
 *(.debug_line)

.debug_frame    0x0000000000000000      0x14c
 *(.debug_frame)
 .debug_frame   0x0000000000000000       0x4c /usr/bin/../lib/gcc/arm-none-eabi/7.3.1/thumb/v7-m/libgcc.a(_arm_addsubsf3.o)
 .debug_frame   0x000000000000004c       0x38 /usr/bin/../lib/gcc/arm-none-eabi/7.3.1/thumb/v7-m/libgcc.a(_arm_muldivsf3.o)
 .debug_frame   0x0000000000000084       0x24 /usr/bin/../lib/gcc/arm-none-eabi/7.3.1/thumb/v7-m/libgcc.a(_arm_fixsfsi.o)
 .debug_frame   0x00000000000000a8       0x44 /usr/bin/../lib/gcc/arm-none-eabi/7.3.1/thumb/v7-m/libgcc.a(_aeabi_ldivmod.o)
 .debug_frame   0x00000000000000ec       0x2c /usr/bin/../lib/gcc/arm-none-eabi/7.3.1/thumb/v7-m/libgcc.a(_aeabi_uldivmod.o)
 .debug_frame   0x0000000000000118       0x34 /usr/bin/../lib/gcc/arm-none-eabi/7.3.1/thumb/v7-m/libgcc.a(_udivmoddi4.o)

.comment        0x0000000000000000       0x7f
 .comment       0x0000000000000000       0x7f ../../sendReceive/source/receive_classes.o
                                         0x80 (size before relaxing)
 .comment       0x000000000000007f       0x80 ../../sendReceive/source/msg_decoder.o
 .comment       0x000000000000007f       0x80 ../../sendReceive/source/test_receiver.o
 .comment       0x000000000000007f       0x80 coroutine.o
 .comment       0x000000000000007f       0x80 rtos.o
 .comment       0x000000000000007f       0x80 hwlib.o
 .comment       0x000000000000007f       0x80 main.o
 .comment       0x000000000000007f       0x80 bmptk_cortex.o
 .comment       0x000000000000007f       0x80 bmptk_heap_bmptk.o
 .comment       0x000000000000007f       0x80 bmptk_fixed_size_stack.o

.debug_str
 *(.debug_str)

.debug_loc
 *(.debug_loc)

.debug_macinfo
 *(.debug_macinfo)

.debug_weaknames
 *(.debug_weaknames)

.debug_funcnames
 *(.debug_funcnames)

.debug_typenames
 *(.debug_typenames)

.debug_varnames
 *(.debug_varnames)

.note.gnu.arm.ident
 *(.note.gnu.arm.ident)

.ARM.attributes
                0x0000000000000000       0x31
 *(.ARM.attributes)
 .ARM.attributes
                0x0000000000000000       0x33 ../../sendReceive/source/receive_classes.o
 .ARM.attributes
                0x0000000000000033       0x33 ../../sendReceive/source/msg_decoder.o
 .ARM.attributes
                0x0000000000000066       0x33 ../../sendReceive/source/test_receiver.o
 .ARM.attributes
                0x0000000000000099       0x21 switch_to.o
 .ARM.attributes
                0x00000000000000ba       0x33 coroutine.o
 .ARM.attributes
                0x00000000000000ed       0x33 rtos.o
 .ARM.attributes
                0x0000000000000120       0x33 hwlib.o
 .ARM.attributes
                0x0000000000000153       0x33 main.o
 .ARM.attributes
                0x0000000000000186       0x33 bmptk_cortex.o
 .ARM.attributes
                0x00000000000001b9       0x33 bmptk_heap_bmptk.o
 .ARM.attributes
                0x00000000000001ec       0x33 bmptk_fixed_size_stack.o
 .ARM.attributes
                0x000000000000021f       0x1d /usr/bin/../lib/gcc/arm-none-eabi/7.3.1/thumb/v7-m/libgcc.a(_arm_addsubsf3.o)
 .ARM.attributes
                0x000000000000023c       0x1d /usr/bin/../lib/gcc/arm-none-eabi/7.3.1/thumb/v7-m/libgcc.a(_arm_muldivsf3.o)
 .ARM.attributes
                0x0000000000000259       0x1d /usr/bin/../lib/gcc/arm-none-eabi/7.3.1/thumb/v7-m/libgcc.a(_arm_fixsfsi.o)
 .ARM.attributes
                0x0000000000000276       0x1d /usr/bin/../lib/gcc/arm-none-eabi/7.3.1/thumb/v7-m/libgcc.a(_aeabi_ldivmod.o)
 .ARM.attributes
                0x0000000000000293       0x1d /usr/bin/../lib/gcc/arm-none-eabi/7.3.1/thumb/v7-m/libgcc.a(_aeabi_uldivmod.o)
 .ARM.attributes
                0x00000000000002b0       0x2d /usr/bin/../lib/gcc/arm-none-eabi/7.3.1/thumb/v7-m/libgcc.a(_udivmoddi4.o)
 .ARM.attributes
                0x00000000000002dd       0x1d /usr/bin/../lib/gcc/arm-none-eabi/7.3.1/thumb/v7-m/libgcc.a(_dvmd_tls.o)

/DISCARD/
 *(.note.GNU-stack)
                [!provide]                        PROVIDE (__text_size = (__text_end - __text_start))
                [!provide]                        PROVIDE (__exidx_size = (__exidx_end - __exidx_start))
                [!provide]                        PROVIDE (__bss_size = (__bss_end - __bss_start))
                [!provide]                        PROVIDE (__stack_size = (__stack_end - __stack_start))
                [!provide]                        PROVIDE (__heap_size = (__heap_end - __heap_start))
OUTPUT(main.elf elf32-littlearm)
