Archive member included to satisfy reference by file (symbol)

/usr/bin/../lib/gcc/arm-none-eabi/7.3.1/thumb/v7-m/libgcc.a(_aeabi_ldivmod.o)
                              rtos.o (__aeabi_ldivmod)
/usr/bin/../lib/gcc/arm-none-eabi/7.3.1/thumb/v7-m/libgcc.a(_aeabi_uldivmod.o)
                              rtos.o (__aeabi_uldivmod)
/usr/bin/../lib/gcc/arm-none-eabi/7.3.1/thumb/v7-m/libgcc.a(_udivmoddi4.o)
                              /usr/bin/../lib/gcc/arm-none-eabi/7.3.1/thumb/v7-m/libgcc.a(_aeabi_ldivmod.o) (__udivmoddi4)
/usr/bin/../lib/gcc/arm-none-eabi/7.3.1/thumb/v7-m/libgcc.a(_dvmd_tls.o)
                              /usr/bin/../lib/gcc/arm-none-eabi/7.3.1/thumb/v7-m/libgcc.a(_aeabi_ldivmod.o) (__aeabi_ldiv0)

Allocating common symbols
Common symbol       size              file

__dso_handle        0x4               bmptk_cortex.o

Discarded input sections

 .group         0x0000000000000000        0xc ../../sendReceive/source/send_classes.o
 .text          0x0000000000000000        0x0 ../../sendReceive/source/send_classes.o
 .data          0x0000000000000000        0x0 ../../sendReceive/source/send_classes.o
 .bss           0x0000000000000000        0x0 ../../sendReceive/source/send_classes.o
 .text._ZN3due8pin_infoENS_4pinsE
                0x0000000000000000       0x20 ../../sendReceive/source/send_classes.o
 .text._ZN3due11ad_pin_infoENS_7ad_pinsE
                0x0000000000000000       0x1c ../../sendReceive/source/send_classes.o
 .text._ZN3due11ad_seq_infoEm
                0x0000000000000000       0x20 ../../sendReceive/source/send_classes.o
 .text._ZN3due14port_registersEm
                0x0000000000000000       0x54 ../../sendReceive/source/send_classes.o
 .text._ZN5hwlib19uart_char_availableEv
                0x0000000000000000        0x4 ../../sendReceive/source/send_classes.o
 .text._ZN5hwlib9uart_getcEv
                0x0000000000000000        0x4 ../../sendReceive/source/send_classes.o
 .rodata._ZN3due8pin_infoENS_4pinsE.str1.1
                0x0000000000000000       0x37 ../../sendReceive/source/send_classes.o
 .rodata._ZZN3due11ad_pin_infoENS_7ad_pinsEE17ad_pin_info_array
                0x0000000000000000        0xc ../../sendReceive/source/send_classes.o
 .rodata._ZZN3due11ad_seq_infoEmE12ad_seq_array
                0x0000000000000000       0x70 ../../sendReceive/source/send_classes.o
 .rodata._ZZN3due8pin_infoENS_4pinsEE14pin_info_array
                0x0000000000000000       0xa4 ../../sendReceive/source/send_classes.o
 .data          0x0000000000000000        0x0 switch_to.o
 .bss           0x0000000000000000        0x0 switch_to.o
 .group         0x0000000000000000        0xc coroutine.o
 .text          0x0000000000000000        0x0 coroutine.o
 .data          0x0000000000000000        0x0 coroutine.o
 .bss           0x0000000000000000        0x0 coroutine.o
 .text._ZN6sam3xa10SystemInitEv
                0x0000000000000000       0x7c coroutine.o
 .text._ZN3due8pin_infoENS_4pinsE
                0x0000000000000000       0x20 coroutine.o
 .text._ZN3due11ad_pin_infoENS_7ad_pinsE
                0x0000000000000000       0x1c coroutine.o
 .text._ZN3due11ad_seq_infoEm
                0x0000000000000000       0x20 coroutine.o
 .text._ZN3due14port_registersEm
                0x0000000000000000       0x54 coroutine.o
 .text._ZN3due12ticks_per_usEv
                0x0000000000000000        0x6 coroutine.o
 .text._ZN3due9now_ticksEv
                0x0000000000000000       0x80 coroutine.o
 .text._ZN5hwlib9uart_putcEc
                0x0000000000000000        0x4 coroutine.o
 .text._ZN5hwlib19uart_char_availableEv
                0x0000000000000000        0x4 coroutine.o
 .text._ZN5hwlib9uart_getcEv
                0x0000000000000000        0x4 coroutine.o
 .bss._ZZN3due9now_ticksEvE4high
                0x0000000000000000        0x8 coroutine.o
 .bss._ZZN3due9now_ticksEvE8last_low
                0x0000000000000000        0x4 coroutine.o
 .bss._ZZN3due9now_ticksEvE9init_done
                0x0000000000000000        0x1 coroutine.o
 .data._ZN6sam3xa15SystemCoreClockE
                0x0000000000000000        0x4 coroutine.o
 .rodata._ZN3due8pin_infoENS_4pinsE.str1.1
                0x0000000000000000       0x37 coroutine.o
 .rodata._ZZN3due11ad_pin_infoENS_7ad_pinsEE17ad_pin_info_array
                0x0000000000000000        0xc coroutine.o
 .rodata._ZZN3due11ad_seq_infoEmE12ad_seq_array
                0x0000000000000000       0x70 coroutine.o
 .rodata._ZZN3due8pin_infoENS_4pinsEE14pin_info_array
                0x0000000000000000       0xa4 coroutine.o
 .group         0x0000000000000000        0x8 rtos.o
 .group         0x0000000000000000        0x8 rtos.o
 .group         0x0000000000000000        0xc rtos.o
 .group         0x0000000000000000        0xc rtos.o
 .group         0x0000000000000000        0xc rtos.o
 .group         0x0000000000000000        0xc rtos.o
 .group         0x0000000000000000        0xc rtos.o
 .group         0x0000000000000000        0xc rtos.o
[...]
Memory Configuration

Name             Origin             Length             Attributes
rom              0x0000000000000000 0x0000000000080000 xr
ram              0x0000000020000000 0x0000000000018000 xrw
nul              0x0000000020018000 0x0000000000000000 xrw
*default*        0x0000000000000000 0xffffffffffffffff

Linker script and memory map

LOAD /usr/bin/../lib/gcc/arm-none-eabi/7.3.1/thumb/v7-m/libgcc.a
LOAD ../../sendReceive/source/send_classes.o
LOAD switch_to.o
LOAD coroutine.o
LOAD rtos.o
LOAD hwlib.o
LOAD main.o
LOAD bmptk_cortex.o
LOAD bmptk_heap_bmptk.o
LOAD bmptk_fixed_size_stack.o
LOAD /usr/bin/../lib/gcc/arm-none-eabi/7.3.1/../../../../arm-none-eabi/lib/thumb/v7-m/libm.a
LOAD /usr/bin/../lib/gcc/arm-none-eabi/7.3.1/thumb/v7-m/libgcc.a
LOAD /usr/bin/../lib/gcc/arm-none-eabi/7.3.1/../../../../arm-none-eabi/lib/thumb/v7-m/libc.a
                0x0000000000000000                __rom_start = ORIGIN (rom)
                0x0000000000080000                __rom_size = LENGTH (rom)
                0x0000000000080000                __rom_end = (__rom_start + __rom_size)
                0x0000000020000000                __ram_start = ORIGIN (ram)
                0x0000000000018000                __ram_size = LENGTH (ram)
                0x0000000020018000                __ram_end = (__ram_start + __ram_size)
                [!provide]                        PROVIDE (__rom_start = __rom_start)
                [!provide]                        PROVIDE (__rom_size = __rom_size)
                [!provide]                        PROVIDE (__rom_end = __rom_end)
                [!provide]                        PROVIDE (__ram_start = __ram_start)
                [!provide]                        PROVIDE (__ram_size = __ram_size)
                [!provide]                        PROVIDE (__ram_end = __ram_end)

.text           0x0000000000000000     0x1e74
                0x0000000000000000                . = ALIGN (0x4)
                0x0000000000000000                __text_start = .
                [!provide]                        PROVIDE (__text_start = __text_start)
                0x0000000000000000                . = ALIGN (0x4)
 *(.vectors)
 .vectors       0x0000000000000000       0x20 bmptk_cortex.o
                0x0000000000000000                __vectors
                0x0000000000000020                . = ALIGN (0x4)
 *(.text .text.* .gnu.linkonce.t.*)
 .text._ZN6sam3xa10SystemInitEv
                0x0000000000000020       0x7c ../../sendReceive/source/send_classes.o
                0x0000000000000020                sam3xa::SystemInit()
 .text._ZN3due12ticks_per_usEv
                0x000000000000009c        0x6 ../../sendReceive/source/send_classes.o
                0x000000000000009c                due::ticks_per_us()
 *fill*         0x00000000000000a2        0x2 
 .text._ZN3due9now_ticksEv
                0x00000000000000a4       0x80 ../../sendReceive/source/send_classes.o
                0x00000000000000a4                due::now_ticks()
 .text._ZN5hwlib9uart_putcEc
                0x0000000000000124        0x4 ../../sendReceive/source/send_classes.o
                0x0000000000000124                hwlib::uart_putc(char)
 .text._ZN9ir_sender8send_bitEb
                0x0000000000000128       0x48 ../../sendReceive/source/send_classes.o
                0x0000000000000128                ir_sender::send_bit(bool)
 .text._ZN9ir_sender12send_messageEDs
                0x0000000000000170       0x64 ../../sendReceive/source/send_classes.o
                0x0000000000000170                ir_sender::send_message(char16_t)
 .text          0x00000000000001d4       0x24 switch_to.o
                0x00000000000001d4                switch_from_to
 .text._ZN4rtos8callback6cancelEv
                0x00000000000001f8        0xa rtos.o
                0x00000000000001f8                rtos::callback::cancel()
 .text._ZN5hwlib7ostream7reverse10add_prefixERKS0_.part.2
                0x0000000000000202       0x4c rtos.o
 .text._ZN5hwlib7ostreamlsEc
                0x000000000000024e        0xe rtos.o
                0x000000000000024e                hwlib::ostream::operator<<(char)
 .text._ZN5hwliblsERNS_7ostreamEPKc
                0x000000000000025c       0x66 rtos.o
                0x000000000000025c                hwlib::operator<<(hwlib::ostream&, char const*)
 .text._ZN5hwliblsERNS_7ostreamEi
                0x00000000000002c2       0x92 rtos.o
                0x00000000000002c2                hwlib::operator<<(hwlib::ostream&, int)
 .text._ZN5hwliblsERNS_7ostreamEx
                0x0000000000000354       0xc4 rtos.o
                0x0000000000000354                hwlib::operator<<(hwlib::ostream&, long long)
 .text._ZN5hwliblsERNS_7ostreamEj
                0x0000000000000418        0xc rtos.o
                0x0000000000000418                hwlib::operator<<(hwlib::ostream&, unsigned int)
 .text._Z6strlenPKc
                0x0000000000000424       0x10 rtos.o
                0x0000000000000424                strlen(char const*)
 .text._Z6strcpyPcPKc
                0x0000000000000434       0x14 rtos.o
                0x0000000000000434                strcpy(char*, char const*)
 .text._Z15string_allocatePKc
                0x0000000000000448       0x26 rtos.o
                0x0000000000000448                string_allocate(char const*)
 .text._Z12nr_from_maskj
                0x000000000000046e       0x1a rtos.o
                0x000000000000046e                nr_from_mask(unsigned int)
 .text._Z15task_trampolinev
                0x0000000000000488       0x34 rtos.o
                0x0000000000000488                task_trampoline()
 .text._ZN4rtos9task_base7releaseEv
                0x00000000000004bc       0x24 rtos.o
                0x00000000000004bc                rtos::task_base::release()
 .text._ZN4rtos9task_base7suspendEv
                0x00000000000004e0        0x8 rtos.o
                0x00000000000004e0                rtos::task_base::suspend()
 .text._ZN4rtos9task_base6resumeEv
                0x00000000000004e8        0x8 rtos.o
                0x00000000000004e8                rtos::task_base::resume()
 .text._ZN4rtos9task_base7unblockEv
                0x00000000000004f0       0x14 rtos.o
                0x00000000000004f0                rtos::task_base::unblock()
 .text._ZN4rtos9task_base5blockEv
                0x0000000000000504       0x70 rtos.o
                0x0000000000000504                rtos::task_base::block()
 .text._ZNK4rtos9task_base5printERN5hwlib7ostreamEb
                0x0000000000000574      0x154 rtos.o
                0x0000000000000574                rtos::task_base::print(hwlib::ostream&, bool) const
 .text._ZNK4rtos4flag5printERN5hwlib7ostreamEb
                0x00000000000006c8       0xcc rtos.o
                0x00000000000006c8                rtos::flag::print(hwlib::ostream&, bool) const
 .text._ZNK4rtos5timer5printERN5hwlib7ostreamEb
                0x0000000000000794       0xd0 rtos.o
                0x0000000000000794                rtos::timer::print(hwlib::ostream&, bool) const
 .text._ZNK4rtos5clock5printERN5hwlib7ostreamEb
                0x0000000000000864       0xd4 rtos.o
                0x0000000000000864                rtos::clock::print(hwlib::ostream&, bool) const
 .text._ZN4rtos12waitable_set17waitable_allocateEv
                0x0000000000000938       0x38 rtos.o
                0x0000000000000938                rtos::waitable_set::waitable_allocate()
 .text._ZN4rtos8waitableC2EPNS_9task_baseEPKc
                0x0000000000000970       0x2c rtos.o
                0x0000000000000970                rtos::waitable::waitable(rtos::task_base*, char const*)
                0x0000000000000970                rtos::waitable::waitable(rtos::task_base*, char const*)
 .text._ZN4rtos12waitable_set3setERKNS_8waitableE
                0x000000000000099c       0x14 rtos.o
                0x000000000000099c                rtos::waitable_set::set(rtos::waitable const&)
 .text._ZN4rtos5timer7time_upEv
                0x00000000000009b0       0x10 rtos.o
                0x00000000000009b0                rtos::timer::time_up()
                0x00000000000009ba                non-virtual thunk to rtos::timer::time_up()
 .text._ZN4rtos12waitable_set5clearERKNS_8waitableE
                0x00000000000009c0        0xc rtos.o
                0x00000000000009c0                rtos::waitable_set::clear(rtos::waitable const&)
 .text._ZN4rtos8waitable5clearEv
                0x00000000000009cc        0xa rtos.o
                0x00000000000009cc                rtos::waitable::clear()
 .text._ZN4rtos5timer6cancelEv
                0x00000000000009d6       0x16 rtos.o
                0x00000000000009d6                rtos::timer::cancel()
 .text._ZThn16_N4rtos5timer6cancelEv
                0x00000000000009ec        0x8 rtos.o
                0x00000000000009ec                non-virtual thunk to rtos::timer::cancel()
 .text._ZN4rtos12waitable_set4waitEj
                0x00000000000009f4       0x64 rtos.o
                0x00000000000009f4                rtos::waitable_set::wait(unsigned int)
 .text._ZNK4rtos5mutex5printERN5hwlib7ostreamEb
                0x0000000000000a58       0xec rtos.o
                0x0000000000000a58                rtos::mutex::print(hwlib::ostream&, bool) const
 .text._ZNK4rtos12channel_base5printERN5hwlib7ostreamEb
                0x0000000000000b44       0xe0 rtos.o
                0x0000000000000b44                rtos::channel_base::print(hwlib::ostream&, bool) const
 .text._ZNK4rtos9pool_base5printERN5hwlib7ostreamEb
                0x0000000000000c24       0x78 rtos.o
                0x0000000000000c24                rtos::pool_base::print(hwlib::ostream&, bool) const
 .text._ZNK4rtos12mailbox_base5printERN5hwlib7ostreamEb
                0x0000000000000c9c       0xc4 rtos.o
                0x0000000000000c9c                rtos::mailbox_base::print(hwlib::ostream&, bool) const
 .text._ZN4rtos3addEPNS_5timerE
                0x0000000000000d60       0x10 rtos.o
                0x0000000000000d60                rtos::add(rtos::timer*)
 .text._ZN4rtos3addEPNS_12channel_baseE
                0x0000000000000d70       0x10 rtos.o
                0x0000000000000d70                rtos::add(rtos::channel_base*)
 .text._ZN4rtos12channel_baseC2EPNS_9task_baseEPKc
                0x0000000000000d80       0x30 rtos.o
                0x0000000000000d80                rtos::channel_base::channel_base(rtos::task_base*, char const*)
                0x0000000000000d80                rtos::channel_base::channel_base(rtos::task_base*, char const*)
 .text._ZN4rtos5printERN5hwlib7ostreamE
                0x0000000000000db0      0x1b4 rtos.o
                0x0000000000000db0                rtos::print(hwlib::ostream&)
 .text._ZN4rtos4beatEv
                0x0000000000000f64      0x148 rtos.o
                0x0000000000000f64                rtos::beat()
 .text._ZN4rtos3runEv
                0x00000000000010ac       0x20 rtos.o
                0x00000000000010ac                rtos::run()
 .text._ZN4rtos3addEPNS_8callbackE
                0x00000000000010cc       0x10 rtos.o
                0x00000000000010cc                rtos::add(rtos::callback*)
 .text._ZN4rtos8callbackC2EPKc
                0x00000000000010dc       0x28 rtos.o
                0x00000000000010dc                rtos::callback::callback(char const*)
                0x00000000000010dc                rtos::callback::callback(char const*)
 .text._ZN4rtos5timerC2EPNS_9task_baseEPKc
                0x0000000000001104       0x34 rtos.o
                0x0000000000001104                rtos::timer::timer(rtos::task_base*, char const*)
                0x0000000000001104                rtos::timer::timer(rtos::task_base*, char const*)
 .text._ZN4rtos3addEPNS_9task_baseE
                0x0000000000001138       0x74 rtos.o
                0x0000000000001138                rtos::add(rtos::task_base*)
 .text._ZN4rtos9task_baseC2ER9coroutineILl0EEjPKc
                0x00000000000011ac       0x4c rtos.o
                0x00000000000011ac                rtos::task_base::task_base(coroutine<0l>&, unsigned int, char const*)
                0x00000000000011ac                rtos::task_base::task_base(coroutine<0l>&, unsigned int, char const*)
 .text._ZN5hwlib7wait_usEi
                0x00000000000011f8       0x3c rtos.o
                0x00000000000011f8                hwlib::wait_us(int)
 .text._ZN5hwlib7wait_msEi
                0x0000000000001234       0x16 rtos.o
                0x0000000000001234                hwlib::wait_ms(int)
 .text._ZN5hwlib20cout_using_uart_putc5flushEv
                0x000000000000124a        0x2 hwlib.o
                0x000000000000124a                hwlib::cout_using_uart_putc::flush()
 .text._ZN5hwlib10background18do_background_workEv
                0x000000000000124c       0x3c hwlib.o
                0x000000000000124c                hwlib::background::do_background_work()
 .text._ZN3due9uart_initEv
                0x0000000000001288       0x60 hwlib.o
                0x0000000000001288                due::uart_init()
 .text._ZN3due9uart_putcEc
                0x00000000000012e8       0x20 hwlib.o
                0x00000000000012e8                due::uart_putc(char)
 .text._ZN5hwlib20cout_using_uart_putc4putcEc
                0x0000000000001308        0xa hwlib.o
                0x0000000000001308                hwlib::cout_using_uart_putc::putc(char)
 .text._ZN5hwlib6now_usEv
                0x0000000000001312       0x1c hwlib.o
                0x0000000000001312                hwlib::now_us()
 .text._ZN5hwlib12wait_us_busyEi
                0x000000000000132e       0x1c hwlib.o
                0x000000000000132e                hwlib::wait_us_busy(int)
 *fill*         0x000000000000134a        0x2 
 .text._ZN3due8d2_36kHz5writeEb
                0x000000000000134c       0x18 main.o
                0x000000000000134c                due::d2_36kHz::write(bool)
 .text._ZN3due8d2_36kHz5flushEv
                0x0000000000001364        0x2 main.o
                0x0000000000001364                due::d2_36kHz::flush()
 .text._ZN4rtos7channelIDsLi6EE5clearEv
                0x0000000000001366       0x10 main.o
                0x0000000000001366                rtos::channel<char16_t, 6>::clear()
 *fill*         0x0000000000001376        0x2 
 .text.startup._ZN11test_sender4mainEv
                0x0000000000001378      0x12c main.o
                0x0000000000001378                test_sender::main()
 .text.startup._ZN15send_controller4mainEv
                0x00000000000014a4       0x98 main.o
                0x00000000000014a4                send_controller::main()
 .text._ZN4rtos9task_baseD2Ev
                0x000000000000153c       0x30 main.o
                0x000000000000153c                rtos::task_base::~task_base()
                0x000000000000153c                rtos::task_base::~task_base()
 .text._ZN4rtos4taskILi4096EEC2EjPKc
                0x000000000000156c       0x54 main.o
                0x000000000000156c                rtos::task<4096>::task(unsigned int, char const*)
                0x000000000000156c                rtos::task<4096>::task(unsigned int, char const*)
 .text.startup.main
                0x00000000000015c0       0xf0 main.o
                0x00000000000015c0                main
 .text.__startup
                0x00000000000016b0       0x48 bmptk_cortex.o
                0x00000000000016b0                __startup
 .text.__cxa_pure_virtual
                0x00000000000016f8        0x2 bmptk_cortex.o
                0x00000000000016f8                __cxa_pure_virtual
 *fill*         0x00000000000016fa        0x2 
 .text.malloc   0x00000000000016fc       0x24 bmptk_heap_bmptk.o
                0x00000000000016fc                malloc
 .text          0x0000000000001720       0xa0 /usr/bin/../lib/gcc/arm-none-eabi/7.3.1/thumb/v7-m/libgcc.a(_aeabi_ldivmod.o)
                0x0000000000001720                __aeabi_ldivmod
 .text          0x00000000000017c0       0x30 /usr/bin/../lib/gcc/arm-none-eabi/7.3.1/thumb/v7-m/libgcc.a(_aeabi_uldivmod.o)
                0x00000000000017c0                __aeabi_uldivmod
 .text          0x00000000000017f0      0x2d0 /usr/bin/../lib/gcc/arm-none-eabi/7.3.1/thumb/v7-m/libgcc.a(_udivmoddi4.o)
                0x00000000000017f0                __udivmoddi4
 .text          0x0000000000001ac0        0x4 /usr/bin/../lib/gcc/arm-none-eabi/7.3.1/thumb/v7-m/libgcc.a(_dvmd_tls.o)
                0x0000000000001ac0                __aeabi_ldiv0
                0x0000000000001ac4                . = ALIGN (0x4)
 *(.glue_7t .glue_7)
 .glue_7        0x0000000000001ac4        0x0 linker stubs
 .glue_7t       0x0000000000001ac4        0x0 linker stubs
                0x0000000000001ac4                . = ALIGN (0x4)
 *(.rodata .rodata.* .gnu.linkonce.r.*)
 .rodata._ZTVN4rtos8waitableE
                0x0000000000001ac4        0xc rtos.o
                0x0000000000001ac4                vtable for rtos::waitable
 .rodata._ZTVN4rtos8callbackE
                0x0000000000001ad0       0x10 rtos.o
                0x0000000000001ad0                vtable for rtos::callback
 .rodata._ZTVN4rtos12channel_baseE
                0x0000000000001ae0        0xc rtos.o
                0x0000000000001ae0                vtable for rtos::channel_base
 .rodata._Z15task_trampolinev.str1.1
                0x0000000000001aec       0x2e rtos.o
 .rodata._ZN4rtos12waitable_set17waitable_allocateEv.str1.1
                0x0000000000001b1a       0x1b rtos.o
 .rodata._ZN4rtos3addEPNS_9task_baseE.str1.1
                0x0000000000001b35       0x2e rtos.o
 .rodata._ZN4rtos4beatEv.str1.1
                0x0000000000001b63       0x3e rtos.o
 .rodata._ZN4rtos5printERN5hwlib7ostreamE.str1.1
                0x0000000000001ba1       0x83 rtos.o
 .rodata._ZN4rtos9task_base5blockEv.str1.1
                0x0000000000001c24       0x49 rtos.o
                                         0x4b (size before relaxing)
 .rodata._ZN4rtos9task_baseC2ER9coroutineILl0EEjPKc.str1.1
                0x0000000000001c6d        0x8 rtos.o
 .rodata._ZNK4rtos12channel_base5printERN5hwlib7ostreamEb.str1.1
                0x0000000000001c75       0x23 rtos.o
 .rodata._ZNK4rtos12mailbox_base5printERN5hwlib7ostreamEb.str1.1
                0x0000000000001c98       0x1b rtos.o
 .rodata._ZNK4rtos4flag5printERN5hwlib7ostreamEb.str1.1
                0x0000000000001cb3       0x1e rtos.o
 .rodata._ZNK4rtos5clock5printERN5hwlib7ostreamEb.str1.1
                0x0000000000001cd1       0x1d rtos.o
 .rodata._ZNK4rtos5mutex5printERN5hwlib7ostreamEb.str1.1
                0x0000000000001cee       0x29 rtos.o
 .rodata._ZNK4rtos5timer5printERN5hwlib7ostreamEb.str1.1
                0x0000000000001d17       0x13 rtos.o
 .rodata._ZNK4rtos9pool_base5printERN5hwlib7ostreamEb.str1.1
                0x0000000000001d2a       0x10 rtos.o
 .rodata._ZNK4rtos9task_base5printERN5hwlib7ostreamEb.str1.1
                0x0000000000001d3a       0x39 rtos.o
 *fill*         0x0000000000001d73        0x1 
 .rodata._ZTVN4rtos5timerE
                0x0000000000001d74       0x24 rtos.o
                0x0000000000001d74                vtable for rtos::timer
 .rodata._ZTVN4rtos9task_baseE
                0x0000000000001d98       0x14 rtos.o
                0x0000000000001d98                vtable for rtos::task_base
 .rodata._ZTVN5hwlib20cout_using_uart_putcE
                0x0000000000001dac       0x10 hwlib.o
                0x0000000000001dac                vtable for hwlib::cout_using_uart_putc
 .rodata._ZTVN3due8d2_36kHzE
                0x0000000000001dbc       0x10 main.o
                0x0000000000001dbc                vtable for due::d2_36kHz
 .rodata._ZTVN4rtos4taskILi4096EEE
                0x0000000000001dcc       0x14 main.o
                0x0000000000001dcc                vtable for rtos::task<4096>
 .rodata._ZTVN4rtos7channelIDsLi6EEE
                0x0000000000001de0        0xc main.o
                0x0000000000001de0                vtable for rtos::channel<char16_t, 6>
 .rodata._ZTV15send_controller
                0x0000000000001dec       0x14 main.o
                0x0000000000001dec                vtable for send_controller
 .rodata._ZTV11test_sender
                0x0000000000001e00       0x14 main.o
                0x0000000000001e00                vtable for test_sender
 .rodata._ZN15send_controller4mainEv.str1.1
                0x0000000000001e14       0x20 main.o
                                         0x34 (size before relaxing)
 .rodata._ZN4rtos9task_baseD2Ev.str1.1
                0x0000000000001e34       0x17 main.o
 .rodata.main.str1.1
                0x0000000000001e4b       0x26 main.o
                0x0000000000001e74                . = ALIGN (0x4)
 *fill*         0x0000000000001e71        0x3 
 *(.ARM.extab* .gnu.linkonce.armextab.*)
                0x0000000000001e74                . = ALIGN (0x4)
 *(.gcc_except_table)
                0x0000000000001e74                . = ALIGN (0x4)
 *(.eh_frame_hdr)
                0x0000000000001e74                . = ALIGN (0x4)
 *(.eh_frame)
                0x0000000000001e74                . = ALIGN (0x4)
                0x0000000000001e74                __text_end = .
                [!provide]                        PROVIDE (__text_end = __text_end)

.vfp11_veneer   0x0000000000001e74        0x0
 .vfp11_veneer  0x0000000000001e74        0x0 linker stubs

.v4_bx          0x0000000000001e74        0x0
 .v4_bx         0x0000000000001e74        0x0 linker stubs

.iplt           0x0000000000001e74        0x0
 .iplt          0x0000000000001e74        0x0 ../../sendReceive/source/send_classes.o

.IF_YOU_SEE_THIS_YOU_HAVE_ONE_OR_MORE_GLOBAL_OBJECT_CONSTRUCTORS
 *(.init)
 *(.preinit_array)
 *(SORT_BY_NAME(.init_array.*))
 *(.init_array)
                0x0000000000001e74                . = ALIGN (0x4)
                0x0000000000001e74                __exidx_start = .
                [!provide]                        PROVIDE (__exidx_start = __exidx_start)

.ARM.exidx      0x0000000000001e74        0x8
 *(.ARM.exidx* .gnu.linkonce.armexidx.*)
 .ARM.exidx     0x0000000000001e74        0x8 /usr/bin/../lib/gcc/arm-none-eabi/7.3.1/thumb/v7-m/libgcc.a(_udivmoddi4.o)

.rel.dyn        0x0000000000001e7c        0x0
 .rel.iplt      0x0000000000001e7c        0x0 ../../sendReceive/source/send_classes.o
                0x0000000000001e7c                . = ALIGN (0x4)
                0x0000000000001e7c                __exidx_end = .
                [!provide]                        PROVIDE (__exidx_end = __exidx_end)

.bss            0x0000000020000000    0x1405c
                0x0000000020000000                . = ALIGN (0x4)
                0x0000000020000000                __stack_start = .
                [!provide]                        PROVIDE (__stack_start = __stack_start)
                0x0000000020000000                . = ALIGN (0x4)
 *(.bmptk_stack)
 .bmptk_stack   0x0000000020000000    0x14000 bmptk_fixed_size_stack.o
                0x0000000020000000                bmptk_stack
                0x0000000020014000                . = ALIGN (0x8)
                0x0000000020014000                __main_stack_end = .
                [!provide]                        PROVIDE (__main_stack_end = __main_stack_end)
                0x0000000020014000                . = ALIGN (0x4)
                0x0000000020014000                __stack_end = .
                [!provide]                        PROVIDE (__stack_end = __stack_end)
                0x0000000020014000                . = ALIGN (0x4)
                0x0000000020014000                __bss_start = .
                [!provide]                        PROVIDE (__bss_start = __bss_start)
                0x0000000020014000                . = ALIGN (0x4)
 *(.bss .bss.* .gnu.linkonce.b.*)
 .bss._ZZN3due9now_ticksEvE4high
                0x0000000020014000        0x8 ../../sendReceive/source/send_classes.o
 .bss._ZZN3due9now_ticksEvE8last_low
                0x0000000020014008        0x4 ../../sendReceive/source/send_classes.o
 .bss._ZZN3due9now_ticksEvE9init_done
                0x000000002001400c        0x1 ../../sendReceive/source/send_classes.o
 *fill*         0x000000002001400d        0x3 
 .bss._ZN17coroutine_context7main_spE
                0x0000000020014010        0x4 coroutine.o
                0x0000000020014010                coroutine_context::main_sp
 .bss._ZN4rtos10must_clearE
                0x0000000020014014        0x1 rtos.o
                0x0000000020014014                rtos::must_clear
 *fill*         0x0000000020014015        0x3 
 .bss._ZN4rtos17rtos_current_taskE
                0x0000000020014018        0x4 rtos.o
                0x0000000020014018                rtos::rtos_current_task
 .bss._ZN4rtos17scheduler_runningE
                0x000000002001401c        0x1 rtos.o
                0x000000002001401c                rtos::scheduler_running
 *fill*         0x000000002001401d        0x3 
 .bss._ZN4rtos5flagsE
                0x0000000020014020        0x4 rtos.o
                0x0000000020014020                rtos::flags
 .bss._ZN4rtos5poolsE
                0x0000000020014024        0x4 rtos.o
                0x0000000020014024                rtos::pools
 .bss._ZN4rtos6clocksE
                0x0000000020014028        0x4 rtos.o
                0x0000000020014028                rtos::clocks
 .bss._ZN4rtos6timersE
                0x000000002001402c        0x4 rtos.o
                0x000000002001402c                rtos::timers
 .bss._ZN4rtos7mutexesE
                0x0000000020014030        0x4 rtos.o
                0x0000000020014030                rtos::mutexes
 .bss._ZN4rtos8channelsE
                0x0000000020014034        0x4 rtos.o
                0x0000000020014034                rtos::channels
 .bss._ZN4rtos8taskListE
                0x0000000020014038        0x4 rtos.o
                0x0000000020014038                rtos::taskList
 .bss._ZN4rtos9mailboxesE
                0x000000002001403c        0x4 rtos.o
                0x000000002001403c                rtos::mailboxes
 .bss._ZN4rtos9timerListE
                0x0000000020014040        0x4 rtos.o
                0x0000000020014040                rtos::timerList
 *fill*         0x0000000020014044        0x4 
 .bss.last_run_time
                0x0000000020014048        0x8 rtos.o
                0x0000000020014048                last_run_time
 .bss._ZN5hwlib10background5firstE
                0x0000000020014050        0x4 hwlib.o
                0x0000000020014050                hwlib::background::first
 .bss._ZN5hwlib10background7currentE
                0x0000000020014054        0x4 hwlib.o
                0x0000000020014054                hwlib::background::current
 .bss._ZN5hwlib10background7runningE
                0x0000000020014058        0x1 hwlib.o
                0x0000000020014058                hwlib::background::running
 .bss._ZZN3due9uart_initEvE9init_done
                0x0000000020014059        0x1 hwlib.o
                0x000000002001405c                . = ALIGN (0x4)
 *fill*         0x000000002001405a        0x2 
 *(COMMON)
                0x000000002001405c                . = ALIGN (0x4)
                0x000000002001405c                __bss_end = .
                [!provide]                        PROVIDE (__bss_end = __bss_end)

.data           0x000000002001405c       0x28 load address 0x0000000000001e7c
                0x000000002001405c                . = ALIGN (0x4)
                0x0000000000001e7c                __data_init_start = LOADADDR (.data)
                [!provide]                        PROVIDE (__data_init_start = __data_init_start)
                0x000000002001405c                __data_start = .
                [!provide]                        PROVIDE (__data_start = __data_start)
                0x000000002001405c                . = ALIGN (0x4)
 *(.data .data.* .gnu.linkonce.d.*)
 .data._ZN6sam3xa15SystemCoreClockE
                0x000000002001405c        0x4 ../../sendReceive/source/send_classes.o
                0x000000002001405c                sam3xa::SystemCoreClock
 .data._ZN17coroutine_context24current_coroutine_sp_ptrE
                0x0000000020014060        0x4 coroutine.o
                0x0000000020014060                coroutine_context::current_coroutine_sp_ptr
 .data._ZN3due7hw_uartE
                0x0000000020014064        0x4 hwlib.o
                0x0000000020014064                due::hw_uart
 .data._ZN5hwlib4coutE
                0x0000000020014068       0x14 hwlib.o
                0x0000000020014068                hwlib::cout
 .data._first_free
                0x000000002001407c        0x4 bmptk_heap_bmptk.o
                0x000000002001407c                _first_free
 .data._last_free
                0x0000000020014080        0x4 bmptk_heap_bmptk.o
                0x0000000020014080                _last_free
                0x0000000020014084                . = ALIGN (0x4)
                0x0000000020014084                __data_end = .
                [!provide]                        PROVIDE (__data_end = __data_end)
                0x0000000000001e7c                __data_init_end = LOADADDR (.data)
                [!provide]                        PROVIDE (__data_init_end = __data_init_end)
                [!provide]                        PROVIDE (__data_size = (__data_end - __data_start))
                [!provide]                        PROVIDE (__data_init_size = __data_size)
                [!provide]                        PROVIDE (__data_init_end = (__data_init_start + __data_init_size))

.igot.plt       0x0000000020014084        0x0 load address 0x0000000000001ea4
 .igot.plt      0x0000000020014084        0x0 ../../sendReceive/source/send_classes.o
                0x0000000020014084                . = ALIGN (0x4)
                0x0000000020014084                __heap_start = .
                [!provide]                        PROVIDE (__heap_start = __heap_start)
                0x0000000020014084                . = ALIGN (0x4)
                0x0000000020018000                __heap_end = __ram_end
                [!provide]                        PROVIDE (__heap_end = __heap_end)

.stab
 *(.stab)

.stabstr
 *(.stabstr)

.debug
 *(.debug)

.line
 *(.line)

.debug_srcinfo
 *(.debug_srcinfo)

.debug_sfnames
 *(.debug_sfnames)

.debug_aranges
 *(.debug_aranges)

.debug_pubnames
 *(.debug_pubnames)

.debug_info
 *(.debug_info .gnu.linkonce.wi.*)

.debug_abbrev
 *(.debug_abbrev)

.debug_line
 *(.debug_line)

.debug_frame    0x0000000000000000       0xa4
 *(.debug_frame)
 .debug_frame   0x0000000000000000       0x44 /usr/bin/../lib/gcc/arm-none-eabi/7.3.1/thumb/v7-m/libgcc.a(_aeabi_ldivmod.o)
 .debug_frame   0x0000000000000044       0x2c /usr/bin/../lib/gcc/arm-none-eabi/7.3.1/thumb/v7-m/libgcc.a(_aeabi_uldivmod.o)
 .debug_frame   0x0000000000000070       0x34 /usr/bin/../lib/gcc/arm-none-eabi/7.3.1/thumb/v7-m/libgcc.a(_udivmoddi4.o)

.comment        0x0000000000000000       0x7f
 .comment       0x0000000000000000       0x7f ../../sendReceive/source/send_classes.o
                                         0x80 (size before relaxing)
 .comment       0x000000000000007f       0x80 coroutine.o
 .comment       0x000000000000007f       0x80 rtos.o
 .comment       0x000000000000007f       0x80 hwlib.o
 .comment       0x000000000000007f       0x80 main.o
 .comment       0x000000000000007f       0x80 bmptk_cortex.o
 .comment       0x000000000000007f       0x80 bmptk_heap_bmptk.o
 .comment       0x000000000000007f       0x80 bmptk_fixed_size_stack.o

.debug_str
 *(.debug_str)

.debug_loc
 *(.debug_loc)

.debug_macinfo
 *(.debug_macinfo)

.debug_weaknames
 *(.debug_weaknames)

.debug_funcnames
 *(.debug_funcnames)

.debug_typenames
 *(.debug_typenames)

.debug_varnames
 *(.debug_varnames)

.note.gnu.arm.ident
 *(.note.gnu.arm.ident)

.ARM.attributes
                0x0000000000000000       0x31
 *(.ARM.attributes)
 .ARM.attributes
                0x0000000000000000       0x33 ../../sendReceive/source/send_classes.o
 .ARM.attributes
                0x0000000000000033       0x21 switch_to.o
 .ARM.attributes
                0x0000000000000054       0x33 coroutine.o
 .ARM.attributes
                0x0000000000000087       0x33 rtos.o
 .ARM.attributes
                0x00000000000000ba       0x33 hwlib.o
 .ARM.attributes
                0x00000000000000ed       0x33 main.o
 .ARM.attributes
                0x0000000000000120       0x33 bmptk_cortex.o
 .ARM.attributes
                0x0000000000000153       0x33 bmptk_heap_bmptk.o
 .ARM.attributes
                0x0000000000000186       0x33 bmptk_fixed_size_stack.o
 .ARM.attributes
                0x00000000000001b9       0x1d /usr/bin/../lib/gcc/arm-none-eabi/7.3.1/thumb/v7-m/libgcc.a(_aeabi_ldivmod.o)
 .ARM.attributes
                0x00000000000001d6       0x1d /usr/bin/../lib/gcc/arm-none-eabi/7.3.1/thumb/v7-m/libgcc.a(_aeabi_uldivmod.o)
 .ARM.attributes
                0x00000000000001f3       0x2d /usr/bin/../lib/gcc/arm-none-eabi/7.3.1/thumb/v7-m/libgcc.a(_udivmoddi4.o)
 .ARM.attributes
                0x0000000000000220       0x1d /usr/bin/../lib/gcc/arm-none-eabi/7.3.1/thumb/v7-m/libgcc.a(_dvmd_tls.o)

/DISCARD/
 *(.note.GNU-stack)
                [!provide]                        PROVIDE (__text_size = (__text_end - __text_start))
                [!provide]                        PROVIDE (__exidx_size = (__exidx_end - __exidx_start))
                [!provide]                        PROVIDE (__bss_size = (__bss_end - __bss_start))
                [!provide]                        PROVIDE (__stack_size = (__stack_end - __stack_start))
                [!provide]                        PROVIDE (__heap_size = (__heap_end - __heap_start))
OUTPUT(main.elf elf32-littlearm)
